CREATE EXTENSION pg_visibility;
--
-- recently-dropped table
--
\set VERBOSITY sqlstate
BEGIN;
CREATE TABLE droppedtest (c int);
SELECT 'droppedtest'::regclass::oid AS oid \gset
SAVEPOINT q; DROP TABLE droppedtest; RELEASE q;
SAVEPOINT q; SELECT * FROM pg_visibility_map(:oid); ROLLBACK TO q;
ERROR:  XX000
-- ERROR:  could not open relation with OID 16xxx
SAVEPOINT q; SELECT 1; ROLLBACK TO q;
 ?column? 
----------
        1
(1 row)

SAVEPOINT q; SELECT 1; ROLLBACK TO q;
 ?column? 
----------
        1
(1 row)

SELECT pg_relation_size(:oid), pg_relation_filepath(:oid),
  true AS has_table_privilege;
 pg_relation_size | pg_relation_filepath | has_table_privilege 
------------------+----------------------+---------------------
                  |                      | t
(1 row)

SELECT * FROM pg_visibility_map(:oid);
ERROR:  XX000
-- ERROR:  could not open relation with OID 16xxx
ROLLBACK;
\set VERBOSITY default
--
-- check that using the module's functions with unsupported relations will fail
--
-- 分区功能已在 minipg 中裁剪（不支持 CREATE TABLE ... PARTITION BY），
-- 因此不再测试 pg_visibility 系列函数对分区表/分区索引的报错场景。
create view test_view as select 1;
-- views do not have VMs, so these all fail
select pg_visibility('test_view', 0);
ERROR:  "test_view" is not a table or TOAST table
select pg_visibility_map('test_view');
ERROR:  "test_view" is not a table or TOAST table
select pg_visibility_map_summary('test_view');
ERROR:  "test_view" is not a table or TOAST table
select pg_check_frozen('test_view');
ERROR:  "test_view" is not a table or TOAST table
select pg_truncate_visibility_map('test_view');
ERROR:  "test_view" is not a table or TOAST table
-- check some of the allowed relkinds
create table regular_table (a int, b text);
alter table regular_table alter column b set storage external;
insert into regular_table values (1, repeat('one', 1000)), (2, repeat('two', 1000));
vacuum (disable_page_skipping) regular_table;
select count(*) > 0 from pg_visibility('regular_table');
 ?column? 
----------
 t
(1 row)

select count(*) > 0 from pg_visibility((select reltoastrelid from pg_class where relname = 'regular_table'));
 ?column? 
----------
 t
(1 row)

truncate regular_table;
select count(*) > 0 from pg_visibility('regular_table');
 ?column? 
----------
 f
(1 row)

select count(*) > 0 from pg_visibility((select reltoastrelid from pg_class where relname = 'regular_table'));
 ?column? 
----------
 f
(1 row)

create materialized view matview_visibility_test as select * from regular_table;
ERROR:  syntax error at or near "materialized"
LINE 1: create materialized view matview_visibility_test as select *...
               ^
vacuum (disable_page_skipping) matview_visibility_test;
ERROR:  relation "matview_visibility_test" does not exist
select count(*) > 0 from pg_visibility('matview_visibility_test');
ERROR:  relation "matview_visibility_test" does not exist
LINE 1: select count(*) > 0 from pg_visibility('matview_visibility_t...
                                               ^
insert into regular_table values (1), (2);
refresh materialized view matview_visibility_test;
ERROR:  syntax error at or near "refresh"
LINE 1: refresh materialized view matview_visibility_test;
        ^
select count(*) > 0 from pg_visibility('matview_visibility_test');
ERROR:  relation "matview_visibility_test" does not exist
LINE 1: select count(*) > 0 from pg_visibility('matview_visibility_t...
                                               ^
-- 分区功能已在 minipg 中裁剪，不再测试分区子表的可见性映射。
-- SQL COPY 命令已在 minipg 中裁剪（见 mydoc/CHANGE.md），
-- 原"test copy freeze"段专门验证 COPY FREEZE 对可见性映射/冻结页的影响，
-- 其测试对象 COPY FREEZE 已不存在，故整段删除；仅保留下方 cleanup 中
-- 对其它对象的可见性验证（表/视图/物化视图）。
-- cleanup
drop view test_view;
drop materialized view matview_visibility_test;
ERROR:  syntax error at or near "materialized"
LINE 1: drop materialized view matview_visibility_test;
             ^
drop table regular_table;
