CREATE EXTENSION pgstattuple;
--
-- It's difficult to come up with platform-independent test cases for
-- the pgstattuple functions, but the results for empty tables and
-- indexes should be that.
--
create table test (a int primary key, b int[]);
select * from pgstattuple('test');
 table_len | tuple_count | tuple_len | tuple_percent | dead_tuple_count | dead_tuple_len | dead_tuple_percent | free_space | free_percent 
-----------+-------------+-----------+---------------+------------------+----------------+--------------------+------------+--------------
         0 |           0 |         0 |             0 |                0 |              0 |                  0 |          0 |            0
(1 row)

select * from pgstattuple('test'::text);
 table_len | tuple_count | tuple_len | tuple_percent | dead_tuple_count | dead_tuple_len | dead_tuple_percent | free_space | free_percent 
-----------+-------------+-----------+---------------+------------------+----------------+--------------------+------------+--------------
         0 |           0 |         0 |             0 |                0 |              0 |                  0 |          0 |            0
(1 row)

select * from pgstattuple('test'::name);
 table_len | tuple_count | tuple_len | tuple_percent | dead_tuple_count | dead_tuple_len | dead_tuple_percent | free_space | free_percent 
-----------+-------------+-----------+---------------+------------------+----------------+--------------------+------------+--------------
         0 |           0 |         0 |             0 |                0 |              0 |                  0 |          0 |            0
(1 row)

select * from pgstattuple('test'::regclass);
 table_len | tuple_count | tuple_len | tuple_percent | dead_tuple_count | dead_tuple_len | dead_tuple_percent | free_space | free_percent 
-----------+-------------+-----------+---------------+------------------+----------------+--------------------+------------+--------------
         0 |           0 |         0 |             0 |                0 |              0 |                  0 |          0 |            0
(1 row)

select pgstattuple(oid) from pg_class where relname = 'test';
     pgstattuple     
---------------------
 (0,0,0,0,0,0,0,0,0)
(1 row)

select pgstattuple(relname) from pg_class where relname = 'test';
     pgstattuple     
---------------------
 (0,0,0,0,0,0,0,0,0)
(1 row)

select version, tree_level,
    index_size / current_setting('block_size')::int as index_size,
    root_block_no, internal_pages, leaf_pages, empty_pages, deleted_pages,
    avg_leaf_density, leaf_fragmentation
    from pgstatindex('test_pkey');
 version | tree_level | index_size | root_block_no | internal_pages | leaf_pages | empty_pages | deleted_pages | avg_leaf_density | leaf_fragmentation 
---------+------------+------------+---------------+----------------+------------+-------------+---------------+------------------+--------------------
       4 |          0 |          1 |             0 |              0 |          0 |           0 |             0 |              NaN |                NaN
(1 row)

select version, tree_level,
    index_size / current_setting('block_size')::int as index_size,
    root_block_no, internal_pages, leaf_pages, empty_pages, deleted_pages,
    avg_leaf_density, leaf_fragmentation
    from pgstatindex('test_pkey'::text);
 version | tree_level | index_size | root_block_no | internal_pages | leaf_pages | empty_pages | deleted_pages | avg_leaf_density | leaf_fragmentation 
---------+------------+------------+---------------+----------------+------------+-------------+---------------+------------------+--------------------
       4 |          0 |          1 |             0 |              0 |          0 |           0 |             0 |              NaN |                NaN
(1 row)

select version, tree_level,
    index_size / current_setting('block_size')::int as index_size,
    root_block_no, internal_pages, leaf_pages, empty_pages, deleted_pages,
    avg_leaf_density, leaf_fragmentation
    from pgstatindex('test_pkey'::name);
 version | tree_level | index_size | root_block_no | internal_pages | leaf_pages | empty_pages | deleted_pages | avg_leaf_density | leaf_fragmentation 
---------+------------+------------+---------------+----------------+------------+-------------+---------------+------------------+--------------------
       4 |          0 |          1 |             0 |              0 |          0 |           0 |             0 |              NaN |                NaN
(1 row)

select version, tree_level,
    index_size / current_setting('block_size')::int as index_size,
    root_block_no, internal_pages, leaf_pages, empty_pages, deleted_pages,
    avg_leaf_density, leaf_fragmentation
    from pgstatindex('test_pkey'::regclass);
 version | tree_level | index_size | root_block_no | internal_pages | leaf_pages | empty_pages | deleted_pages | avg_leaf_density | leaf_fragmentation 
---------+------------+------------+---------------+----------------+------------+-------------+---------------+------------------+--------------------
       4 |          0 |          1 |             0 |              0 |          0 |           0 |             0 |              NaN |                NaN
(1 row)

select pg_relpages('test');
 pg_relpages 
-------------
           0
(1 row)

select pg_relpages('test_pkey');
 pg_relpages 
-------------
           1
(1 row)

select pg_relpages('test_pkey'::text);
 pg_relpages 
-------------
           1
(1 row)

select pg_relpages('test_pkey'::name);
 pg_relpages 
-------------
           1
(1 row)

select pg_relpages('test_pkey'::regclass);
 pg_relpages 
-------------
           1
(1 row)

select pg_relpages(oid) from pg_class where relname = 'test_pkey';
 pg_relpages 
-------------
           1
(1 row)

select pg_relpages(relname) from pg_class where relname = 'test_pkey';
 pg_relpages 
-------------
           1
(1 row)

create index test_hashidx on test using hash (b);
select * from pgstathashindex('test_hashidx');
 version | bucket_pages | overflow_pages | bitmap_pages | unused_pages | live_items | dead_items | free_percent 
---------+--------------+----------------+--------------+--------------+------------+------------+--------------
       4 |            4 |              0 |            1 |            0 |          0 |          0 |          100
(1 row)

-- these should error with the wrong type
select pgstathashindex('test_pkey');
ERROR:  relation "test_pkey" is not a hash index
select pgstatindex('test_hashidx');
ERROR:  relation "test_hashidx" is not a btree index
-- 分区功能已在 minipg 中裁剪（不支持 CREATE TABLE ... PARTITION BY），
-- 因此不再测试 pgstattuple 系列函数对分区表/分区索引的报错场景。
create view test_view as select 1;
-- these should all fail
select pgstattuple('test_view');
ERROR:  "test_view" (view) is not supported
select pgstattuple_approx('test_view');
ERROR:  "test_view" is not a table or TOAST table
select pg_relpages('test_view');
ERROR:  "test_view" is not a table, index, sequence, or TOAST table
select pgstatindex('test_view');
ERROR:  relation "test_view" is not a btree index
select pgstathashindex('test_view');
ERROR:  relation "test_view" is not a hash index
create foreign data wrapper dummy;
ERROR:  syntax error at or near "foreign"
LINE 1: create foreign data wrapper dummy;
               ^
create server dummy_server foreign data wrapper dummy;
ERROR:  syntax error at or near "server"
LINE 1: create server dummy_server foreign data wrapper dummy;
               ^
create foreign table test_foreign_table () server dummy_server;
ERROR:  syntax error at or near "foreign"
LINE 1: create foreign table test_foreign_table () server dummy_serv...
               ^
-- these should all fail
select pgstattuple('test_foreign_table');
ERROR:  relation "test_foreign_table" does not exist
select pgstattuple_approx('test_foreign_table');
ERROR:  relation "test_foreign_table" does not exist
LINE 1: select pgstattuple_approx('test_foreign_table');
                                  ^
select pg_relpages('test_foreign_table');
ERROR:  relation "test_foreign_table" does not exist
select pgstatindex('test_foreign_table');
ERROR:  relation "test_foreign_table" does not exist
select pgstathashindex('test_foreign_table');
ERROR:  relation "test_foreign_table" does not exist
LINE 1: select pgstathashindex('test_foreign_table');
                               ^
-- 分区功能已在 minipg 中裁剪，不再测试分区子表及其索引的 pgstattuple 调用。
-- toast tables should work
select pgstattuple((select reltoastrelid from pg_class where relname = 'test'));
     pgstattuple     
---------------------
 (0,0,0,0,0,0,0,0,0)
(1 row)

select pgstattuple_approx((select reltoastrelid from pg_class where relname = 'test'));
  pgstattuple_approx   
-----------------------
 (0,0,0,0,0,0,0,0,0,0)
(1 row)

select pg_relpages((select reltoastrelid from pg_class where relname = 'test'));
 pg_relpages 
-------------
           0
(1 row)

drop view test_view;
drop foreign table test_foreign_table;
ERROR:  syntax error at or near "foreign"
LINE 1: drop foreign table test_foreign_table;
             ^
drop server dummy_server;
ERROR:  syntax error at or near "server"
LINE 1: drop server dummy_server;
             ^
drop foreign data wrapper dummy;
ERROR:  syntax error at or near "foreign"
LINE 1: drop foreign data wrapper dummy;
             ^
