CREATE TABLE heaptest (a integer, b text);
REVOKE ALL ON heaptest FROM PUBLIC;
ERROR:  syntax error at or near "REVOKE"
LINE 1: REVOKE ALL ON heaptest FROM PUBLIC;
        ^
-- Check that invalid skip option is rejected
SELECT * FROM verify_heapam(relation := 'heaptest', skip := 'rope');
ERROR:  function verify_heapam(relation => unknown, skip => unknown) does not exist
LINE 1: SELECT * FROM verify_heapam(relation := 'heaptest', skip := ...
                      ^
HINT:  No function matches the given name and argument types. You might need to add explicit type casts.
-- Check specifying invalid block ranges when verifying an empty table
SELECT * FROM verify_heapam(relation := 'heaptest', startblock := 0, endblock := 0);
ERROR:  function verify_heapam(relation => unknown, startblock => integer, endblock => integer) does not exist
LINE 1: SELECT * FROM verify_heapam(relation := 'heaptest', startblo...
                      ^
HINT:  No function matches the given name and argument types. You might need to add explicit type casts.
SELECT * FROM verify_heapam(relation := 'heaptest', startblock := 5, endblock := 8);
ERROR:  function verify_heapam(relation => unknown, startblock => integer, endblock => integer) does not exist
LINE 1: SELECT * FROM verify_heapam(relation := 'heaptest', startblo...
                      ^
HINT:  No function matches the given name and argument types. You might need to add explicit type casts.
-- Check that valid options are not rejected nor corruption reported
-- for an empty table, and that skip enum-like parameter is case-insensitive
SELECT * FROM verify_heapam(relation := 'heaptest', skip := 'none');
ERROR:  function verify_heapam(relation => unknown, skip => unknown) does not exist
LINE 1: SELECT * FROM verify_heapam(relation := 'heaptest', skip := ...
                      ^
HINT:  No function matches the given name and argument types. You might need to add explicit type casts.
SELECT * FROM verify_heapam(relation := 'heaptest', skip := 'all-frozen');
ERROR:  function verify_heapam(relation => unknown, skip => unknown) does not exist
LINE 1: SELECT * FROM verify_heapam(relation := 'heaptest', skip := ...
                      ^
HINT:  No function matches the given name and argument types. You might need to add explicit type casts.
SELECT * FROM verify_heapam(relation := 'heaptest', skip := 'all-visible');
ERROR:  function verify_heapam(relation => unknown, skip => unknown) does not exist
LINE 1: SELECT * FROM verify_heapam(relation := 'heaptest', skip := ...
                      ^
HINT:  No function matches the given name and argument types. You might need to add explicit type casts.
SELECT * FROM verify_heapam(relation := 'heaptest', skip := 'None');
ERROR:  function verify_heapam(relation => unknown, skip => unknown) does not exist
LINE 1: SELECT * FROM verify_heapam(relation := 'heaptest', skip := ...
                      ^
HINT:  No function matches the given name and argument types. You might need to add explicit type casts.
SELECT * FROM verify_heapam(relation := 'heaptest', skip := 'All-Frozen');
ERROR:  function verify_heapam(relation => unknown, skip => unknown) does not exist
LINE 1: SELECT * FROM verify_heapam(relation := 'heaptest', skip := ...
                      ^
HINT:  No function matches the given name and argument types. You might need to add explicit type casts.
SELECT * FROM verify_heapam(relation := 'heaptest', skip := 'All-Visible');
ERROR:  function verify_heapam(relation => unknown, skip => unknown) does not exist
LINE 1: SELECT * FROM verify_heapam(relation := 'heaptest', skip := ...
                      ^
HINT:  No function matches the given name and argument types. You might need to add explicit type casts.
SELECT * FROM verify_heapam(relation := 'heaptest', skip := 'NONE');
ERROR:  function verify_heapam(relation => unknown, skip => unknown) does not exist
LINE 1: SELECT * FROM verify_heapam(relation := 'heaptest', skip := ...
                      ^
HINT:  No function matches the given name and argument types. You might need to add explicit type casts.
SELECT * FROM verify_heapam(relation := 'heaptest', skip := 'ALL-FROZEN');
ERROR:  function verify_heapam(relation => unknown, skip => unknown) does not exist
LINE 1: SELECT * FROM verify_heapam(relation := 'heaptest', skip := ...
                      ^
HINT:  No function matches the given name and argument types. You might need to add explicit type casts.
SELECT * FROM verify_heapam(relation := 'heaptest', skip := 'ALL-VISIBLE');
ERROR:  function verify_heapam(relation => unknown, skip => unknown) does not exist
LINE 1: SELECT * FROM verify_heapam(relation := 'heaptest', skip := ...
                      ^
HINT:  No function matches the given name and argument types. You might need to add explicit type casts.
-- Add some data so subsequent tests are not entirely trivial
INSERT INTO heaptest (a, b)
	(SELECT gs, repeat('x', gs)
		FROM generate_series(1,50) gs);
-- Check that valid options are not rejected nor corruption reported
-- for a non-empty table
SELECT * FROM verify_heapam(relation := 'heaptest', skip := 'none');
ERROR:  function verify_heapam(relation => unknown, skip => unknown) does not exist
LINE 1: SELECT * FROM verify_heapam(relation := 'heaptest', skip := ...
                      ^
HINT:  No function matches the given name and argument types. You might need to add explicit type casts.
SELECT * FROM verify_heapam(relation := 'heaptest', skip := 'all-frozen');
ERROR:  function verify_heapam(relation => unknown, skip => unknown) does not exist
LINE 1: SELECT * FROM verify_heapam(relation := 'heaptest', skip := ...
                      ^
HINT:  No function matches the given name and argument types. You might need to add explicit type casts.
SELECT * FROM verify_heapam(relation := 'heaptest', skip := 'all-visible');
ERROR:  function verify_heapam(relation => unknown, skip => unknown) does not exist
LINE 1: SELECT * FROM verify_heapam(relation := 'heaptest', skip := ...
                      ^
HINT:  No function matches the given name and argument types. You might need to add explicit type casts.
SELECT * FROM verify_heapam(relation := 'heaptest', startblock := 0, endblock := 0);
ERROR:  function verify_heapam(relation => unknown, startblock => integer, endblock => integer) does not exist
LINE 1: SELECT * FROM verify_heapam(relation := 'heaptest', startblo...
                      ^
HINT:  No function matches the given name and argument types. You might need to add explicit type casts.
CREATE ROLE regress_heaptest_role;
ERROR:  syntax error at or near "ROLE"
LINE 1: CREATE ROLE regress_heaptest_role;
               ^
-- verify permissions are checked (error due to function not callable)
SET ROLE regress_heaptest_role;
ERROR:  role "regress_heaptest_role" does not exist
SELECT * FROM verify_heapam(relation := 'heaptest');
ERROR:  function verify_heapam(relation => unknown) does not exist
LINE 1: SELECT * FROM verify_heapam(relation := 'heaptest');
                      ^
HINT:  No function matches the given name and argument types. You might need to add explicit type casts.
RESET ROLE;
GRANT EXECUTE ON FUNCTION verify_heapam(regclass, boolean, boolean, text, bigint, bigint) TO regress_heaptest_role;
ERROR:  syntax error at or near "GRANT"
LINE 1: GRANT EXECUTE ON FUNCTION verify_heapam(regclass, boolean, b...
        ^
-- verify permissions are now sufficient
SET ROLE regress_heaptest_role;
ERROR:  role "regress_heaptest_role" does not exist
SELECT * FROM verify_heapam(relation := 'heaptest');
ERROR:  function verify_heapam(relation => unknown) does not exist
LINE 1: SELECT * FROM verify_heapam(relation := 'heaptest');
                      ^
HINT:  No function matches the given name and argument types. You might need to add explicit type casts.
RESET ROLE;
-- Check specifying invalid block ranges when verifying a non-empty table.
SELECT * FROM verify_heapam(relation := 'heaptest', startblock := 0, endblock := 10000);
ERROR:  function verify_heapam(relation => unknown, startblock => integer, endblock => integer) does not exist
LINE 1: SELECT * FROM verify_heapam(relation := 'heaptest', startblo...
                      ^
HINT:  No function matches the given name and argument types. You might need to add explicit type casts.
SELECT * FROM verify_heapam(relation := 'heaptest', startblock := 10000, endblock := 11000);
ERROR:  function verify_heapam(relation => unknown, startblock => integer, endblock => integer) does not exist
LINE 1: SELECT * FROM verify_heapam(relation := 'heaptest', startblo...
                      ^
HINT:  No function matches the given name and argument types. You might need to add explicit type casts.
-- Vacuum freeze to change the xids encountered in subsequent tests
VACUUM (FREEZE, DISABLE_PAGE_SKIPPING) heaptest;
-- Check that valid options are not rejected nor corruption reported
-- for a non-empty frozen table
SELECT * FROM verify_heapam(relation := 'heaptest', skip := 'none');
ERROR:  function verify_heapam(relation => unknown, skip => unknown) does not exist
LINE 1: SELECT * FROM verify_heapam(relation := 'heaptest', skip := ...
                      ^
HINT:  No function matches the given name and argument types. You might need to add explicit type casts.
SELECT * FROM verify_heapam(relation := 'heaptest', skip := 'all-frozen');
ERROR:  function verify_heapam(relation => unknown, skip => unknown) does not exist
LINE 1: SELECT * FROM verify_heapam(relation := 'heaptest', skip := ...
                      ^
HINT:  No function matches the given name and argument types. You might need to add explicit type casts.
SELECT * FROM verify_heapam(relation := 'heaptest', skip := 'all-visible');
ERROR:  function verify_heapam(relation => unknown, skip => unknown) does not exist
LINE 1: SELECT * FROM verify_heapam(relation := 'heaptest', skip := ...
                      ^
HINT:  No function matches the given name and argument types. You might need to add explicit type casts.
SELECT * FROM verify_heapam(relation := 'heaptest', startblock := 0, endblock := 0);
ERROR:  function verify_heapam(relation => unknown, startblock => integer, endblock => integer) does not exist
LINE 1: SELECT * FROM verify_heapam(relation := 'heaptest', startblo...
                      ^
HINT:  No function matches the given name and argument types. You might need to add explicit type casts.
-- Check that partitioned tables (the parent ones) which don't have visibility
-- maps are rejected
CREATE TABLE test_partitioned (a int, b text default repeat('x', 5000))
			 PARTITION BY list (a);
SELECT * FROM verify_heapam('test_partitioned',
							startblock := NULL,
							endblock := NULL);
ERROR:  function verify_heapam(unknown, startblock => unknown, endblock => unknown) does not exist
LINE 1: SELECT * FROM verify_heapam('test_partitioned',
                      ^
HINT:  No function matches the given name and argument types. You might need to add explicit type casts.
-- Check that valid options are not rejected nor corruption reported
-- for an empty partition table (the child one)
CREATE TABLE test_partition partition OF test_partitioned FOR VALUES IN (1);
SELECT * FROM verify_heapam('test_partition',
							startblock := NULL,
							endblock := NULL);
ERROR:  function verify_heapam(unknown, startblock => unknown, endblock => unknown) does not exist
LINE 1: SELECT * FROM verify_heapam('test_partition',
                      ^
HINT:  No function matches the given name and argument types. You might need to add explicit type casts.
-- Check that valid options are not rejected nor corruption reported
-- for a non-empty partition table (the child one)
INSERT INTO test_partitioned (a) (SELECT 1 FROM generate_series(1,1000) gs);
SELECT * FROM verify_heapam('test_partition',
							startblock := NULL,
							endblock := NULL);
ERROR:  function verify_heapam(unknown, startblock => unknown, endblock => unknown) does not exist
LINE 1: SELECT * FROM verify_heapam('test_partition',
                      ^
HINT:  No function matches the given name and argument types. You might need to add explicit type casts.
-- Check that indexes are rejected
CREATE INDEX test_index ON test_partition (a);
SELECT * FROM verify_heapam('test_index',
							startblock := NULL,
							endblock := NULL);
ERROR:  function verify_heapam(unknown, startblock => unknown, endblock => unknown) does not exist
LINE 1: SELECT * FROM verify_heapam('test_index',
                      ^
HINT:  No function matches the given name and argument types. You might need to add explicit type casts.
-- Check that views are rejected
CREATE VIEW test_view AS SELECT 1;
SELECT * FROM verify_heapam('test_view',
							startblock := NULL,
							endblock := NULL);
ERROR:  function verify_heapam(unknown, startblock => unknown, endblock => unknown) does not exist
LINE 1: SELECT * FROM verify_heapam('test_view',
                      ^
HINT:  No function matches the given name and argument types. You might need to add explicit type casts.
-- Check that sequences are rejected
CREATE SEQUENCE test_sequence;
SELECT * FROM verify_heapam('test_sequence',
							startblock := NULL,
							endblock := NULL);
ERROR:  function verify_heapam(unknown, startblock => unknown, endblock => unknown) does not exist
LINE 1: SELECT * FROM verify_heapam('test_sequence',
                      ^
HINT:  No function matches the given name and argument types. You might need to add explicit type casts.
-- Check that foreign tables are rejected
CREATE FOREIGN DATA WRAPPER dummy;
ERROR:  syntax error at or near "FOREIGN"
LINE 1: CREATE FOREIGN DATA WRAPPER dummy;
               ^
CREATE SERVER dummy_server FOREIGN DATA WRAPPER dummy;
ERROR:  syntax error at or near "SERVER"
LINE 1: CREATE SERVER dummy_server FOREIGN DATA WRAPPER dummy;
               ^
CREATE FOREIGN TABLE test_foreign_table () SERVER dummy_server;
ERROR:  syntax error at or near "FOREIGN"
LINE 1: CREATE FOREIGN TABLE test_foreign_table () SERVER dummy_serv...
               ^
SELECT * FROM verify_heapam('test_foreign_table',
							startblock := NULL,
							endblock := NULL);
ERROR:  function verify_heapam(unknown, startblock => unknown, endblock => unknown) does not exist
LINE 1: SELECT * FROM verify_heapam('test_foreign_table',
                      ^
HINT:  No function matches the given name and argument types. You might need to add explicit type casts.
-- cleanup
DROP TABLE heaptest;
DROP TABLE test_partition;
DROP TABLE test_partitioned;
DROP OWNED BY regress_heaptest_role; -- permissions
ERROR:  syntax error at or near "OWNED"
LINE 1: DROP OWNED BY regress_heaptest_role;
             ^
DROP ROLE regress_heaptest_role;
ERROR:  syntax error at or near "ROLE"
LINE 1: DROP ROLE regress_heaptest_role;
             ^
